// Jest Snapshot v1, https://goo.gl/fbAQLP

exports[`should correctly render LoadingPage 1`] = `
<div
  className="loader"
>
  <img
    className="loader__image"
    src="https://acegif.com/wp-content/uploads/loading-25.gif"
  />
</div>
`;
